Traceback (most recent call last):
  File "<frozen runpy>", line 198, in _run_module_as_main
  File "<frozen runpy>", line 88, in _run_code
  File "/goinfre/ayhirose/My_RAG/src/student/__main__.py", line 3, in <module>
    from .cli import RAGCLI
  File "/goinfre/ayhirose/My_RAG/src/student/cli.py", line 5, in <module>
    from .core.indexer import BM25Indexer
  File "/goinfre/ayhirose/My_RAG/src/student/core/indexer.py", line 3, in <module>
    from langchain_community.document_loaders import DirectoryLoader, TextLoader
  File "<frozen importlib._bootstrap>", line 1423, in _handle_fromlist
  File "/goinfre/ayhirose/My_RAG/.venv/lib/python3.14/site-packages/langchain_community/document_loaders/__init__.py", line 740, in __getattr__
    module = importlib.import_module(_module_lookup[name])
  File "/home/ayhirose/.pyenv/versions/3.14.3/lib/python3.14/importlib/__init__.py", line 88, in import_module
    return _bootstrap._gcd_import(name[level:], package, level)
           ~~~~~~~~~~~~~~~~~~~~~~^^^^^^^^^^^^^^^^^^^^^^^^^^^^^^
  File "/goinfre/ayhirose/My_RAG/.venv/lib/python3.14/site-packages/langchain_community/document_loaders/directory.py", line 9, in <module>
    from langchain_community.document_loaders.base import BaseLoader
  File "/goinfre/ayhirose/My_RAG/.venv/lib/python3.14/site-packages/langchain_community/document_loaders/base.py", line 1, in <module>
    from langchain_core.document_loaders import BaseBlobParser, BaseLoader
  File "<frozen importlib._bootstrap>", line 1423, in _handle_fromlist
  File "/goinfre/ayhirose/My_RAG/.venv/lib/python3.14/site-packages/langchain_core/document_loaders/__init__.py", line 33, in __getattr__
    result = import_attr(attr_name, module_name, __spec__.parent)
  File "/goinfre/ayhirose/My_RAG/.venv/lib/python3.14/site-packages/langchain_core/_import_utils.py", line 36, in import_attr
    module = import_module(f".{module_name}", package=package)
  File "/home/ayhirose/.pyenv/versions/3.14.3/lib/python3.14/importlib/__init__.py", line 88, in import_module
    return _bootstrap._gcd_import(name[level:], package, level)
           ~~~~~~~~~~~~~~~~~~~~~~^^^^^^^^^^^^^^^^^^^^^^^^^^^^^^
  File "/goinfre/ayhirose/My_RAG/.venv/lib/python3.14/site-packages/langchain_core/document_loaders/base.py", line 8, in <module>
    from langchain_core.runnables import run_in_executor
  File "<frozen importlib._bootstrap>", line 1423, in _handle_fromlist
  File "/goinfre/ayhirose/My_RAG/.venv/lib/python3.14/site-packages/langchain_core/runnables/__init__.py", line 130, in __getattr__
    result = import_attr(attr_name, module_name, __spec__.parent)
  File "/goinfre/ayhirose/My_RAG/.venv/lib/python3.14/site-packages/langchain_core/_import_utils.py", line 36, in import_attr
    module = import_module(f".{module_name}", package=package)
  File "/home/ayhirose/.pyenv/versions/3.14.3/lib/python3.14/importlib/__init__.py", line 88, in import_module
    return _bootstrap._gcd_import(name[level:], package, level)
           ~~~~~~~~~~~~~~~~~~~~~~^^^^^^^^^^^^^^^^^^^^^^^^^^^^^^
  File "/goinfre/ayhirose/My_RAG/.venv/lib/python3.14/site-packages/langchain_core/runnables/config.py", line 33, in <module>
    from langchain_core.callbacks.manager import AsyncCallbackManager, CallbackManager
  File "/goinfre/ayhirose/My_RAG/.venv/lib/python3.14/site-packages/langchain_core/callbacks/manager.py", line 31, in <module>
    from langchain_core.messages import BaseMessage, get_buffer_string
  File "/goinfre/ayhirose/My_RAG/.venv/lib/python3.14/site-packages/langchain_core/messages/__init__.py", line 6, in <module>
    from langchain_core.utils.utils import LC_AUTO_PREFIX, LC_ID_PREFIX, ensure_id
  File "/goinfre/ayhirose/My_RAG/.venv/lib/python3.14/site-packages/langchain_core/utils/utils.py", line 16, in <module>
    from requests import HTTPError, Response
  File "/goinfre/ayhirose/My_RAG/.venv/lib/python3.14/site-packages/requests/__init__.py", line 47, in <module>
    from .exceptions import RequestsDependencyWarning
  File "/goinfre/ayhirose/My_RAG/.venv/lib/python3.14/site-packages/requests/exceptions.py", line 14, in <module>
    from .compat import JSONDecodeError as CompatJSONDecodeError
  File "/goinfre/ayhirose/My_RAG/.venv/lib/python3.14/site-packages/requests/compat.py", line 49, in <module>
    chardet = _resolve_char_detection()
  File "/goinfre/ayhirose/My_RAG/.venv/lib/python3.14/site-packages/requests/compat.py", line 43, in _resolve_char_detection
    chardet = importlib.import_module(lib)
  File "/home/ayhirose/.pyenv/versions/3.14.3/lib/python3.14/importlib/__init__.py", line 88, in import_module
    return _bootstrap._gcd_import(name[level:], package, level)
           ~~~~~~~~~~~~~~~~~~~~~~^^^^^^^^^^^^^^^^^^^^^^^^^^^^^^
  File "/goinfre/ayhirose/My_RAG/.venv/lib/python3.14/site-packages/charset_normalizer/__init__.py", line 26, in <module>
    from .api import from_bytes, from_fp, from_path, is_binary
  File "/goinfre/ayhirose/My_RAG/.venv/lib/python3.14/site-packages/charset_normalizer/api.py", line 47, in <module>
    if is_multi_byte_encoding(_supported_enc):
       ~~~~~~~~~~~~~~~~~~~~~~^^^^^^^^^^^^^^^^
  File "/goinfre/ayhirose/My_RAG/.venv/lib/python3.14/site-packages/charset_normalizer/utils.py", line 281, in is_multi_byte_encoding
    importlib.import_module(f"encodings.{name}").IncrementalDecoder,
    ~~~~~~~~~~~~~~~~~~~~~~~^^^^^^^^^^^^^^^^^^^^^
  File "/home/ayhirose/.pyenv/versions/3.14.3/lib/python3.14/importlib/__init__.py", line 88, in import_module
    return _bootstrap._gcd_import(name[level:], package, level)
           ~~~~~~~~~~~~~~~~~~~~~~^^^^^^^^^^^^^^^^^^^^^^^^^^^^^^
  File "<frozen importlib._bootstrap>", line 1398, in _gcd_import
  File "<frozen importlib._bootstrap>", line 1371, in _find_and_load
  File "<frozen importlib._bootstrap>", line 1342, in _find_and_load_unlocked
  File "<frozen importlib._bootstrap>", line 924, in _load_unlocked
  File "<frozen importlib._bootstrap>", line 822, in module_from_spec
  File "<frozen importlib._bootstrap>", line 736, in _init_module_attrs
KeyboardInterrupt
